// Jest Snapshot v1, https://goo.gl/fbAQLP

exports[`Validar componente <DashboardRoutes/> Verificar el nombre del usuario registrado 1`] = `ReactWrapper {}`;
