// Jest Snapshot v1, https://goo.gl/fbAQLP

exports[`Pruebas <HeroCard/> Validar informaci√≥n de las tarjetas 1`] = `ShallowWrapper {}`;
