// Jest Snapshot v1, https://goo.gl/fbAQLP

exports[`Validar componente <HeroScreen/> should 1`] = `ReactWrapper {}`;
