// Jest Snapshot v1, https://goo.gl/fbAQLP

exports[`Validar componente <Navbar> Validar el contenido del nombre del usuario  1`] = `ReactWrapper {}`;
